   1  %TAG !custom! tag:cafe-yamull.example.com,2024:
   2  ---
   3  # ═══════════════════════════════════════════════════════════════
   4  #  🌍 Global Café Menu — Ultimate YAML + Unicode Demo
   5  # ═══════════════════════════════════════════════════════════════
   6  
   7  # ┌─────────────────────────────────────────────────────────────┐
   8  # │  ANCHORS & ALIASES                                          │
   9  # └─────────────────────────────────────────────────────────────┘
  10  
  11  # Define reusable anchors
  12  defaults:
  13    dietary_icons: &dietary_icons
  14      vegan: 🌱
  15      vegetarian: 🥬
  16      gluten_free: 🚫🌾
  17      dairy: 🥛
  18      eggs: 🥚
  19      nuts: 🥜
  20      spicy: 🌶️
  21  
  22    currencies: &currencies
  23      EUR: { symbol: "€", locale: "de-DE" }
  24      JPY: { symbol: "¥", locale: "ja-JP" }
  25      USD: { symbol: "$", locale: "en-US" }
  26  
  27    base_hours: &base_hours
  28      open: "09:00"
  29      close: "22:00"
  30      timezone: "Europe/Berlin"
  31  
  32    premium_hours: &premium_hours
  33      <<: *base_hours          # Merge key inheritance
  34      open: "07:00"            # Override
  35      close: "23:30"
  36      vip_lounge: true
  37  
  38    # Staff role templates
  39    chef_template: &chef
  40      role: "Chef"
  41      uniform: "👨‍🍳"
  42      skills: [cooking, plating, "食品衛生"]
  43  
  44    server_template: &server
  45      role: "Server"
  46      uniform: "🧑‍💼"
  47      skills: [service, languages, "おもてなし"]
  48  
  49  # ┌─────────────────────────────────────────────────────────────┐
  50  # │  COMPLEX KEYS & NESTED STRUCTURES                           │
  51  # └─────────────────────────────────────────────────────────────┘
  52  
  53  restaurant:
  54    name: "Café Yamüll & 日本料理"
  55  
  56    # Complex key (must use ? explicit key indicator)
  57    "東京":
  58      flagship_location: true
  59  
  60    # Another complex key with emoji
  61    🍣:
  62      signature_dish: true
  63  
  64    metadata:
  65      established: 2024-03-15        # Date type
  66      last_inspection: 2024-11-20T14:30:00+01:00  # Timestamp with timezone
  67      michelin_stars: 2
  68      rating: 4.85                   # Float
  69      active: true                   # Boolean
  70      pending_review: false
  71      previous_owner: null           # Null value
  72      aliases: ~                     # Alternative null syntax
  73  
  74    # Different numeric formats
  75    statistics:
  76      visitors_decimal: 1_000_000    # Underscore separator
  77      visitors_hex: 0xF4240          # Hexadecimal
  78      visitors_octal: 0o3641100      # Octal
  79      capacity_infinity: .inf        # Infinity
  80      unknown_value: .nan            # Not a number
  81      temperature: -18.5             # Negative float
  82      scientific: 6.022e23           # Scientific notation
  83  
  84  # ┌─────────────────────────────────────────────────────────────┐
  85  # │  MULTI-LINE STRINGS (All Variants)                          │
  86  # └─────────────────────────────────────────────────────────────┘
  87  
  88  descriptions:
  89    # Literal block scalar (preserves newlines)
  90    about_us: |
  91      Welcome to Café Yamüll & 日本料理!
  92  
  93      We blend European café culture with
  94      authentic Japanese cuisine. 🍣☕
  95  
  96      「東西の味の出会い」
  97      مرحباً بكم في مقهانا
  98  
  99    # Literal with strip indicator (remove trailing newlines)
 100    short_bio: |-
 101      Founded in München, expanded to 東京.
 102      Family owned since 2024.
 103      No trailing newline here
 104  
 105    # Literal with keep indicator (keep trailing newlines)
 106    poem: |+
 107      Coffee steams, 湯気立つ珈琲
 108      East meets West, 東西の出会い
 109      Flavors dance, 味が踊る ☕🍵
 110  
 111  
 112    # Folded block scalar (newlines become spaces)
 113    mission: >
 114      Our mission is to create a space where
 115      cultures collide deliciously. From
 116      Wiener Schnitzel to 寿司, from
 117      Croissants to カレーパン, we celebrate
 118      diversity on every plate.
 119  
 120    # Folded with strip
 121    slogan: >-
 122      Taste the world,
 123      one dish at a time,
 124      味わう世界
 125  
 126    # Folded with keep
 127    legal_notice: >+
 128      © 2024 Café Yamüll GmbH
 129      All rights reserved
 130      全著作権所有
 131  
 132  
 133    # Indentation indicators
 134    code_block: |2-
 135        def greet():
 136            print("Willkommen! ようこそ!")
 137            return "☕"
 138  
 139    # Quoted strings with escapes
 140    escaped_text: "Line1\nLine2\tTabbed\u0041\x42"
 141    unicode_escape: "\u65E5\u672C" # 日本 via escapes
 142  
 143    # Single quotes (no escape processing)
 144    raw_escapes: 'This has \n literal backslash-n'
 145  
 146    # Plain scalar (unquoted)
 147    plain_text: This is unquoted text with émojis 🎉
 148  
 149  # ┌─────────────────────────────────────────────────────────────┐
 150  # │  FLOW VS BLOCK STYLES                                       │
 151  # └─────────────────────────────────────────────────────────────┘
 152  
 153  # Block style sequences
 154  menu_block:
 155    - Crêpes Château
 156    - 抹茶パンケーキ
 157    - Ελληνική Σαλάτα
 158    - بيتزا مارغريتا
 159  
 160  # Flow style sequences (inline)
 161  menu_flow: [Crêpes, パンケーキ, Σαλάτα, بيتزا]
 162  
 163  # Nested flow in block
 164  hybrid_menu:
 165    breakfast: [Crêpes, Waffles, 卵焼き]
 166    lunch: [Salad, Soup, ラーメン]
 167    dinner:
 168      - Steak
 169      - { name: "寿司盛り合わせ", pieces: 12 }
 170      - Pizza: { size: large, toppings: [🍄, 🫑, 🧀] }
 171  
 172  # Block style mapping
 173  hours_block:
 174    monday:
 175      <<: *base_hours
 176    tuesday:
 177      <<: *premium_hours
 178      special_event: "Jazz Night 🎷"
 179  
 180  # Flow style mapping
 181  hours_flow: { mon: "9-22", tue: "7-23", wed: "9-22" }
 182  
 183  # ┌─────────────────────────────────────────────────────────────┐
 184  # │  EXPLICIT TYPING WITH TAGS                                  │
 185  # └─────────────────────────────────────────────────────────────┘
 186  
 187  typed_values:
 188    # Standard YAML tags
 189    explicit_string: !!str 12345
 190    explicit_int: !!int "42"
 191    explicit_float: !!float "3.14159"
 192    explicit_bool: !!bool "yes"
 193    explicit_null: !!null "null"
 194  
 195    # Force string for things that look like other types
 196    zip_code: !!str 01onal         # Would be octal without tag
 197    version: !!str 1.0             # Would be float without tag
 198    japanese_bool: !!str はい      # Not a boolean
 199  
 200    # Binary data (base64 encoded)
 201    tiny_icon: !!binary |
 202      R0lGODlhAQABAIAAAAAAAP///yH5BAEAAAAALAAAAAABAAEAAAIBRAA7
 203  
 204    # Custom tags
 205    price_eur: !custom!price { amount: 12.50, currency: EUR }
 206    translation: !custom!i18n
 207      en: "Welcome"
 208      de: "Willkommen"
 209      ja: "ようこそ"
 210      ar: "أهلاً وسهلاً"
 211  
 212  # ┌─────────────────────────────────────────────────────────────┐
 213  # │  SETS AND ORDERED MAPS                                      │
 214  # └─────────────────────────────────────────────────────────────┘
 215  
 216  # Set (unique values only)
 217  allergens: !!set
 218  ? gluten
 219    ? dairy
 220    ? nuts
 221    ? shellfish
 222    ? 大豆 # Soy in Japanese
 223  ? بيض # Eggs in Arabic
 224  
 225  # Ordered map (preserves insertion order)
 226  course_order: !!omap
 227    - appetizer: "Мезе (Meze platter)"
 228    - soup: "味噌汁"
 229    - main: "Главное блюдо"
 230    - dessert: "حلويات"
 231    - coffee: "☕ Espresso"
 232  
 233  # Pairs (allows duplicates, unlike maps)
 234  wine_pairings: !!pairs
 235    - Crêpes: Champagne
 236    - Crêpes: Riesling # Duplicate key allowed
 237    - 寿司: 日本酒
 238    - 寿司: Grüner Veltliner # Another duplicate
 239  
 240  # ┌─────────────────────────────────────────────────────────────┐
 241  # │  ANCHORS WITH MERGE INHERITANCE                             │
 242  # └─────────────────────────────────────────────────────────────┘
 243  
 244  staff:
 245    - name: "José García-Yamüll"
 246      <<: *chef # Inherit from anchor
 247      languages: [Español, Deutsch, English]
 248      photo: 👨🏽‍🍳
 249  
 250    - name: "田中 さくら"
 251      <<: *chef
 252      specialty: "和食"
 253      languages: [日本語, English, Français]
 254      photo: 👩🏻‍🍳
 255  
 256    - name: "Владимир Петров"
 257      <<: *server
 258      languages: [Русский, Deutsch, العربية]
 259      photo: 🧑🏼‍💼
 260  
 261    - name: "مريم الفارسي"
 262      <<: *server
 263      languages: [العربية, English, Français]
 264      photo: 👩🏽‍💼
 265  
 266  # Multiple merge keys
 267  vip_room:
 268    <<: [*base_hours, *dietary_icons] # Merge multiple anchors
 269    capacity: 20
 270    minimum_spend: "€500"
 271  
 272  # ┌─────────────────────────────────────────────────────────────┐
 273  # │  MIXED DIRECTIONAL TEXT (BiDi Challenge)                    │
 274  # └─────────────────────────────────────────────────────────────┘
 275  
 276  reviews:
 277    - author: "أحمد محمد"
 278      locale: ar-EG
 279      text: "المطعم ممتاز! The börek was 10/10 👨‍🍳"
 280      mixed: "I love الطعام العربي and 日本料理 equally!"
 281      date: 2024-11-15
 282  
 283    - author: "יעל לוי"
 284      locale: he-IL
 285      text: "אוכל מעולה! Especially the קרואסון 🥐"
 286      mixed: "השילוב של French ו-ישראלי מדהים"
 287      date: 2024-11-18
 288  
 289    - author: "田中太郎"
 290      locale: ja-JP
 291      text: "素晴らしい！The café reminds me of München ☕"
 292      mixed: "ドイツ料理と日本料理のfusion最高！"
 293      date: 2024-11-20
 294  
 295  # ┌─────────────────────────────────────────────────────────────┐
 296  # │  SPECIAL CHARACTERS & EDGE CASES                            │
 297  # └─────────────────────────────────────────────────────────────┘
 298  
 299  edge_cases:
 300    # Strings that look like reserved words
 301    bool_lookalikes:
 302      - !!str yes
 303      - !!str no
 304      - !!str true
 305      - !!str false
 306      - !!str null
 307      - !!str ~
 308  
 309    # Strings that look like numbers
 310    number_lookalikes:
 311      phone: "+49 89 12345678"
 312      version: "2.0"
 313      time: "12:30" # Would be sexagesimal without quotes
 314  
 315    # Special YAML characters in strings
 316    special_chars:
 317      colon: "Note: this has a colon"
 318      hash: "Price #1 choice"
 319      ampersand: "Tom & Jerry"
 320      asterisk: "5* rating"
 321      brackets: "[not a list]"
 322      braces: "{not a map}"
 323      question: "Why? Because!"
 324      pipe: "Option A | Option B"
 325      greater: "A > B"
 326  
 327    # Unicode normalization forms
 328    normalization:
 329      nfc: "Ñ"                    # Single codepoint U+00D1
 330      nfd: "Ñ"                    # N + combining tilde (visually same!)
 331  
 332    # Zero-width characters
 333    invisible:
 334      zwsp: "foo​bar"             # Zero-width space between
 335      zwnj: "می‌روم"              # Persian with ZWNJ
 336      zwj: "👨‍👩‍👧‍👦"                   # Family emoji with ZWJs
 337  
 338    # Emoji sequences
 339    emoji_test:
 340      flags: [🇩🇪, 🇯🇵, 🇪🇬, 🇮🇱, 🏳️‍🌈, 🏴‍☠️]
 341      skin_tones: [👋🏻, 👋🏼, 👋🏽, 👋🏾, 👋🏿]
 342      professions: [👨🏻‍🍳, 👩🏽‍🔬, 🧑🏿‍💻, 👨🏼‍🎨]
 343      keycaps: [0️⃣, 1️⃣, 2️⃣, 3️⃣, 4️⃣, 5️⃣, 6️⃣, 7️⃣, 8️⃣, 9️⃣, 🔟]
 344  
 345    # Combining marks galore
 346    combining:
 347      vietnamese: "Việt Nam"
 348      polynesian: "Hawai'i"
 349      zalgo: "H̷̭͂ë̶̬l̷̰̐l̴̮̈́o̷̱͝" # Combining marks stacked
 350  
 351  # ┌─────────────────────────────────────────────────────────────┐
 352  # │  DEEPLY NESTED STRUCTURE                                    │
 353  # └─────────────────────────────────────────────────────────────┘
 354  
 355  locations:
 356    europe:
 357      germany:
 358        münchen:
 359          <<: *premium_hours
 360          address: "Königstraße 42"
 361          menu:
 362            breakfast:
 363              items:
 364                - &croissant
 365                  name: "Croissant"
 366                  price: { amount: 3.50, currency: *currencies }
 367                  variants:
 368                    plain: { calories: 270 }
 369                    chocolate: { calories: 340, emoji: 🍫 }
 370                    almond: { calories: 320, emoji: 🥜 }
 371    asia:
 372      japan:
 373        tokyo:
 374          渋谷:
 375            <<: *base_hours
 376            address: "渋谷区神南1-2-3"
 377            menu:
 378              breakfast:
 379                items:
 380                  - <<: *croissant # Reuse croissant definition
 381                    price: { amount: 450, currency: JPY }
 382                    name_local: "クロワッサン"
 383  
 384  # ┌─────────────────────────────────────────────────────────────┐
 385  # │  ASCII ART LOGO (Box Drawing Characters)                    │
 386  # └─────────────────────────────────────────────────────────────┘
 387  
 388  branding:
 389    logo_simple: |
 390      ╔═══════════════════════════════════════╗
 391      ║         ☕ CAFÉ YAMÜLL ☕             ║
 392      ╚═══════════════════════════════════════╝
 393  
 394    logo_fancy: |
 395      ┏━━━━━━━━━━━━━━━━━━━━━━━━━━━━━━━━━━━━━━━┓
 396      ┃  ░░░░░░░░░░░░░░░░░░░░░░░░░░░░░░░░░░░  ┃
 397      ┃  ░  ╔═╗ ╔═╗ ╔═╗ ╔═╗   ░░░░░░░░░░░░░░  ┃
 398      ┃  ░  ║   ╠═╣ ╠╣  ║╣    ░░░░░░░░░░░░░░  ┃
 399      ┃  ░  ╚═╝ ╩ ╩ ╚   ╚═╝   YAMÜLL  ░░░░░░  ┃
 400      ┃  ░░░░░░░░░░░░░░░░░░░░░░░░░░░░░░░░░░░  ┃
 401      ┃  ░░░░░░░░  日 本 料 理  ░░░░░░░░░░░░  ┃
 402      ┃  ░░░░░░░░░░░░░░░░░░░░░░░░░░░░░░░░░░░  ┃
 403      ┗━━━━━━━━━━━━━━━━━━━━━━━━━━━━━━━━━━━━━━━┛
 404  
 405  # ┌─────────────────────────────────────────────────────────────┐
 406  # │  MATHEMATICAL & SCIENTIFIC NOTATION                         │
 407  # └─────────────────────────────────────────────────────────────┘
 408  
 409  science:
 410    formulas:
 411      energy: "E = mc²"
 412      water: "H₂O"
 413      quadratic: "x = (−b ± √(b²−4ac)) / 2a"
 414      integral: "∫f(x)dx"
 415      summation: "∑(i=1 to n)"
 416  
 417    units:
 418      temperature: "−20°C to 200°C"
 419      energy: "kJ·mol⁻¹"
 420      area: "500 m²"
 421  
 422    symbols:
 423      arrows: [→, ←, ↑, ↓, ↔, ⇒, ⇐, ⇔]
 424      math: [±, ×, ÷, ≠, ≈, ≤, ≥, ∞, ∅, ∈, ⊂, ∪, ∩]
 425      greek: [α, β, γ, δ, ε, π, θ, λ, μ, σ, φ, ω, Ω]
 426  
 427  # ┌─────────────────────────────────────────────────────────────┐
 428  # │  FOOTER                                                     │
 429  # └─────────────────────────────────────────────────────────────┘
 430  
 431  footer:
 432    copyright: "© 2024 Café Yamüll GmbH & 株式会社田中"
 433    motto:
 434      de: "Essen ist Liebe"
 435      ja: "食は愛"
 436      ar: "الطعام حب"
 437      he: "אוכל זה אהבה"
 438      ru: "Еда — это любовь"
 439  
 440  ...
 441  # End of first document
 442  ---
 443  # Second document
 444  document: 2
 445  purpose: "Demonstrates multi-document YAML"
 446  emoji_summary: "📄➡️📄"