 name: modified                        │   name: modified                       
 count: 20                             │   count: 20                            
 enabled: true                         │   enabled: true                        
 description: "This is the updated     │   description: "This is the updated    
 description"                          │   description"                         
 tags:                                 │   tags:                                
   - alpha                             │     - alpha                            
   - gamma                             │     - gamma                            
 settings:                             │   settings:                            
   timeout: 60                         │     timeout: 60                        
   retries: 5                          │     retries: 5                         
 extra:                                │   extra:                               
   key1: changed1                      │     key1: changed1                     
   key2: changed2                      │     key2: changed2                     
                                                                                
                                                                                
                                                                                
                                                                                
                                                                                
                                                                                
                                                                                
                                                                                
                                                                                
                                                                                