-name: original                        │  +name: final                          
-count: 10                             │  +count: 30                            
-enabled: true                         │  +enabled: false                       
-description: "This is the original    │  +description: "This is the final      
 description"                          │   description"                         
 tags:                                 │   tags:                                
   - alpha                             │     - alpha                            
-  - beta                              │  +  - gamma                            
                                       │  +  - delta                            
 settings:                             │   settings:                            
-  timeout: 30                         │  +  timeout: 90                        
-  retries: 3                          │  +  retries: 10                        
-extra:                                │                                        
-  key1: value1                        │                                        
-  key2: value2                        │                                        
                                                                                
                                                                                
                                                                                
                                                                                
                                                                                
                                                                                
                                                                                
                                                                                
                                                                                