-name: original                                                                               │  +name: modified                                                                              
-count: 10                                                                                    │  +count: 20                                                                                   
 enabled: true                                                                                │   enabled: true                                                                               
-description: "This is the original description"                                              │  +description: "This is the updated description"                                              
 tags:                                                                                        │   tags:                                                                                       
   - alpha                                                                                    │     - alpha                                                                                   
-  - beta                                                                                     │  +  - gamma                                                                                   
 settings:                                                                                    │   settings:                                                                                   
-  timeout: 30                                                                                │  +  timeout: 60                                                                               
-  retries: 3                                                                                 │  +  retries: 5                                                                                
 extra:                                                                                       │   extra:                                                                                      
-  <genericHighlightDim>key</genericHighlightDim>1: value1                                    │  +  <genericHighlightDim>key</genericHighlightDim>1: changed1                                 
-  <genericHighlight>key</genericHighlight>2: value2                                          │  +  <genericHighlightDim>key</genericHighlightDim>2: changed2                                 
                                                                                                                                                                                              
                                                                                                                                                                                              
                                                                                                                                                                                              
                                                                                                                                                                                              
                                                                                                                                                                                              
                                                                                                                                                                                              
                                                                                                                                                                                              
                                                                                                                                                                                              
                                                                                                                                                                                              
                                                                                                                                                                                              
                                                                                                                                                                                              