- │     
+name   
:       
modif   
ied     
- │     
+coun   
t: 20   
  │     
enabl   
ed:     
true    
- │     
+desc   
ripti   
on:     
"This   
is      
the     
updat   
ed      
descr   
iptio   
n"      
  │     
tags:   
  │    -
alpha   
- │ +  -
gamma   
  │     
setti   
ngs:    
- │ +   
timeo   
ut:     
60      
- │ +   
retri   
es: 5   