 name: original                                                                 
 count: 10                                                                      
 enabled: true                                                                  
 description: "This is the original description"                                
 tags:                                                                          
   - alpha                                                                      
   - beta                                                                       
 settings:                                                                      
   timeout: 30                                                                  
   retries: 3                                                                   
                                                                                
                                                                                
                                                                                
                                                                                
                                                                                
                                                                                
                                                                                
                                                                                
                                                                                
                                                                                
                                                                                
                                                                                
                                                                                
                                                                                
                                                                                
                                                                                
                                                                                
                                                                                
                                                                                
                                                                                