@@ -1,10 +1,11 @@                                                               
-name: original                                                                 
-count: 10                                                                      
-enabled: true                                                                  
-description: "This is the original description"                                
+name: final                                                                    
+count: 30                                                                      
+enabled: false                                                                 
+description: "This is the final description"                                   
 tags:                                                                          
   - alpha                                                                      
-  - beta                                                                       
+  - gamma                                                                      
+  - delta                                                                      
 settings:                                                                      
-  timeout: 30                                                                  
-  retries: 3                                                                   
+  timeout: 90                                                                  
+  retries: 10                                                                  
                                                                                
                                                                                
                                                                                
                                                                                
                                                                                
                                                                                
                                                                                
                                                                                
                                                                                
                                                                                
                                                                                