 @@ -1,5 +1,5 @@                                                                
-name: modified                                                                 
-count: 20                                                                      
-enabled: true                                                                  
-description: "This is the updated description"                                 
+name: final                                                                    
+count: 30                                                                      
+enabled: false                                                                 
+description: "This is the final description"                                   
 tags:                                                                          
 @@ -7,4 +7,5 @@                                                                
   - gamma                                                                      
+  - delta                                                                      
 settings:                                                                      
-  timeout: 60                                                                  
-  retries: 5                                                                   
+  timeout: 90                                                                  
+  retries: 10                                                                  
                                                                                
                                                                                
                                                                                
                                                                                
                                                                                
                                                                                
                                                                                
                                                                                
                                                                                
                                                                                
                                                                                
                                                                                