-name: original                                                                 
-count: 10                                                                      
+name: modified                                                                 
+count: 20                                                                      
 enabled: true                                                                  
+new_field: added                                                               
                                                                                
                                                                                
                                                                                
                                                                                
                                                                                
                                                                                
                                                                                
                                                                                
                                                                                
                                                                                
                                                                                
                                                                                
                                                                                
                                                                                
                                                                                
                                                                                
                                                                                
                                                                                