 ---                                                                            
 # Configuration file with diverse YAML constructs                              
 metadata:                                                                      
   name: test-config                                                            
   version: 1.2.3                                                               
   enabled: true                                                                
   count: 42                                                                    
   ratio: 3.14159                                                               
   empty: null                                                                  
   unicode: "Hello \\"                                                          
                                                                                
 # Nested mappings                                                              
 spec:                                                                          
   container:                                                                   
     image: nginx:latest                                                        
     ports:                                                                     
       - 80                                                                     
       - 443                                                                    
     environment:                                                               
       DEBUG: "false"                                                           
       LOG_LEVEL: info                                                          
                                                                                
 # Multi-line strings                                                           
 description: |                                                                 