                                        
that_requires_horizontal_scrolling: "Thi
                                        
                                        
                                        
                                        
                                        
                                        
                                        
                                        