 short: x                               
 very_long_key_name_that_requires_horizo
 another: y                             
                                        
                                        
                                        
                                        
                                        
                                        
                                        