 key: value                                                                     
 number: 42                                                                     
 bool: true                                                                     
 list:                                                                          
   - <genericHighlight>item</genericHighlight>1                                 
   - <genericHighlightDim>item</genericHighlightDim>2                           
 nested:                                                                        
   child: data                                                                  
                                                                                
                                                                                
                                                                                
                                                                                
                                                                                
                                                                                
                                                                                
                                                                                
                                                                                
                                                                                
                                                                                
                                                                                
                                                                                
                                                                                
                                                                                
                                                                                