   for paragraph-style text.                                                    
                                                                                
 # Anchors and aliases                                                          
 defaults: &defaults                                                            
   <highlightSelected>timeout</highlightSelected>: 30                           
   retries: 3                                                                   
                                                                                
 production:                                                                    
   <<: *defaults                                                                
   <highlight>timeout</highlight>: 60                                           