 key: value                                                                     
 number: 42                                                                     
 bool: true                                                                     
 list:                                                                          
   - <highlight>item</highlight>1                                               
   - <highlightDim>item</highlightDim>2                                         
 nested:                                                                        
   child: data                                                                  
                                                                                
                                                                                
                                                                                
                                                                                
                                                                                
                                                                                
                                                                                
                                                                                
                                                                                
                                                                                
                                                                                
                                                                                
                                                                                
                                                                                
                                                                                
                                                                                