   for paragraph-style text.                                                    
                                                                                
 # Anchors and aliases                                                          
 defaults: &defaults                                                            
   <genericHighlight>timeout</genericHighlight>: 30                             
   retries: 3                                                                   
                                                                                
 production:                                                                    
   <<: *defaults                                                                
   <genericHighlightDim>timeout</genericHighlightDim>: 60                       