   retries: 3                                                                   
                                                                                
 production:                                                                    
   <<: *defaults                                                                
   <highlight>timeout</highlight>: 60                                           
                                                                                
 # Flow style                                                                   
 tags: [alpha, beta, gamma]                                                     
 limits: {cpu: 100m, memory: 256Mi}                                             
                                                                                