 key: value                                                                     
 number: 42                                                                     
 bool: true                                                                     
 l<genericHighlightDim>i</genericHighlightDim>st:                               
   - <genericHighlightDim>i</genericHighlightDim>tem1                           
   - <genericHighlightDim>i</genericHighlightDim>tem2                           
 nested:                                                                        
   ch<genericHighlight>i</genericHighlight>ld: data                             
                                                                                
                                                                                
                                                                                
                                                                                
                                                                                
                                                                                
                                                                                
                                                                                
                                                                                
                                                                                
                                                                                
                                                                                
                                                                                
                                                                                
                                                                                
                                                                                