 key: value                                                                     
 number: 42                                                                     
 bool: true                                                                     
 l<genericHighlight>i</genericHighlight>st:                                     
   - <genericHighlightDim>i</genericHighlightDim>tem1                           
   - <genericHighlightDim>i</genericHighlightDim>tem2                           
 nested:                                                                        
   ch<genericHighlightDim>i</genericHighlightDim>ld: data                       
                                                                                
                                                                                
                                                                                
                                                                                
                                                                                
                                                                                
                                                                                
                                                                                
                                                                                
                                                                                
                                                                                
                                                                                
                                                                                
                                                                                
                                                                                
                                                                                