 key: value                                                                     
 number: 42                                                                     
 bool: true                                                                     
 l<genericHighlightDim>i</genericHighlightDim>st:                               
   - <genericHighlight>i</genericHighlight>tem1                                 
   - <genericHighlightDim>i</genericHighlightDim>tem2                           
 nested:                                                                        
   ch<genericHighlightDim>i</genericHighlightDim>ld: data                       
                                                                                
                                                                                
                                                                                
                                                                                
                                                                                
                                                                                
                                                                                
                                                                                
                                                                                
                                                                                
                                                                                
                                                                                
                                                                                
                                                                                
                                                                                
                                                                                