 key: value                                                                     
 number: 42                                                                     
 bool: true                                                                     
 list:                                                                          
   - <highlight>item</highlight>1                                               
   - <highlightSelected>item</highlightSelected>2                               
 nested:                                                                        
   child: data                                                                  
                                                                                
                                                                                
                                                                                
                                                                                
                                                                                
                                                                                
                                                                                
                                                                                
                                                                                
                                                                                
                                                                                
                                                                                
                                                                                
                                                                                
                                                                                
                                                                                