 key: value                                                                     
 number: 42                                                                     
 bool: true                                                                     
 list:                                                                          
   - <search-selected>item</search-selected>1                                   
   - <search>item</search>2                                                     
 nested:                                                                        
   child: data                                                                  
                                                                                
                                                                                
                                                                                
                                                                                
                                                                                
                                                                                
                                                                                
                                                                                
                                                                                
                                                                                
                                                                                
                                                                                
                                                                                
                                                                                
                                                                                
                                                                                