┌──────────────────────────────────────────────────────────────────────────────┐
│                                                                              │
│  key: value                                                                  │
│  number: 42                                                                  │
│  bool: true                                                                  │
│  list:                                                                       │
│    - item1                                                                   │
│    - item2                                                                   │
│  nested:                                                                     │
│    child: data                                                               │
│                                                                              │
│                                                                              │
│                                                                              │
│                                                                              │
│                                                                              │
│                                                                              │
│                                                                              │
│                                                                              │
│                                                                              │
│                                                                              │
│                                                                              │
│                                                                              │
│                                                                              │
└──────────────────────────────────────────────────────────────────────────────┘